[     223ms] [LOG] [JSBridge:PC] chrome.account not available @ https://g.alicdn.com/quark-cloud-drive/qwenclaw-oauth/0.0.29/js/main-c40a35b3cfb47ad75c6f.js:0
[     640ms] [LOG] userid: undefined @ https://image.uc.cn/s/uae/g/1g/quark/fact_stat.js:1
[     640ms] [LOG] userid: d05e8ea6-d6f1-db1d-b9ac-988b57244427 @ https://image.uc.cn/s/uae/g/1g/quark/fact_stat.js:1
[     662ms] [WARNING] [itrace says] using cookieStore @ https://g.alicdn.com/woodpeckerx/itrace-next/??itrace-jserror.iife.js,itrace-interface.iife.js,itrace-perf.iife.js,itrace-resource.iife.js,itrace-blank.iife.js,itrace.iife.js:5
[    1014ms] [LOG] 阿里云验证码2.0 SDK文件加载完成，等待初始化... @ https://image.uc.cn/s/uae/g/82/sso/public/js/next/aliyunCaptchaV2_8063713.js:0
[    1015ms] [LOG] {needUT: false, needWa: true, onlinetimeOn: true, onlineTimeChance: 100, exposureStatOn: true} @ https://image.uc.cn/s/uae/g/1g/quark/fact_stat.js:2
[    1015ms] [LOG] false @ https://image.uc.cn/s/uae/g/1g/quark/fact_stat.js:2
[    1022ms] [LOG] ===> retry throw err @ https://g.alicdn.com/quark-cloud-drive/qwenclaw-oauth/0.0.29/js/main-c40a35b3cfb47ad75c6f.js:0
[    1193ms] [LOG] 阿里云验证码2.0 SDK初始化成功 @ https://image.uc.cn/s/uae/g/82/sso/public/js/next/aliyunCaptchaV2_8063713.js:0
[    1193ms] [LOG] 开始初始化阿里云验证码2.0，参数： {"SceneId":"1ml1ondj","prefix":"gd0da3","mode":"popup","element":"#nocaptcha","region":"cn","rem":0.9,"delayBeforeSuccess":false,"slideStyle":{"width":275}} @ https://image.uc.cn/s/uae/g/82/sso/public/js/next/aliyunCaptchaV2_8063713.js:0
[    1393ms] [LOG] 验证码2.0实例初始化成功 @ https://image.uc.cn/s/uae/g/82/sso/public/js/next/aliyunCaptchaV2_8063713.js:0
[    1525ms] [LOG] ===> retry throw err @ https://g.alicdn.com/quark-cloud-drive/qwenclaw-oauth/0.0.29/js/main-c40a35b3cfb47ad75c6f.js:0
[    1643ms] [COUNT] %c%d: 1 @ https://g.alicdn.com/captcha-frontend/FeiLin/1.4.2/feilin115.c9398e036b5dbc12a0808b4d1690e7265a76aa65b161f4d42c310ec94289f6be.js:0
[    1643ms] [DIR] %c%d font-size:0;color:transparent Error @ https://g.alicdn.com/captcha-frontend/FeiLin/1.4.2/feilin115.c9398e036b5dbc12a0808b4d1690e7265a76aa65b161f4d42c310ec94289f6be.js:0
[    1643ms] [DIRXML] %c%d font-size:0;color:transparent Error @ https://g.alicdn.com/captcha-frontend/FeiLin/1.4.2/feilin115.c9398e036b5dbc12a0808b4d1690e7265a76aa65b161f4d42c310ec94289f6be.js:0
[    1643ms] [INFO] %c%d font-size:0;color:transparent NaN @ https://g.alicdn.com/captcha-frontend/FeiLin/1.4.2/feilin115.c9398e036b5dbc12a0808b4d1690e7265a76aa65b161f4d42c310ec94289f6be.js:0
[    1643ms] [INFO] %c%d font-size:0;color:transparent NaN @ https://g.alicdn.com/captcha-frontend/FeiLin/1.4.2/feilin115.c9398e036b5dbc12a0808b4d1690e7265a76aa65b161f4d42c310ec94289f6be.js:0
[    1644ms] [LOG] %c%d font-size:0;color:transparent NaN @ https://g.alicdn.com/captcha-frontend/FeiLin/1.4.2/feilin115.c9398e036b5dbc12a0808b4d1690e7265a76aa65b161f4d42c310ec94289f6be.js:0
[    1644ms] [TABLE] %c%d font-size:0;color:transparent Error @ https://g.alicdn.com/captcha-frontend/FeiLin/1.4.2/feilin115.c9398e036b5dbc12a0808b4d1690e7265a76aa65b161f4d42c310ec94289f6be.js:0
[    1644ms] [INFO] %c%d font-size:0;color:transparent NaN @ https://g.alicdn.com/captcha-frontend/FeiLin/1.4.2/feilin115.c9398e036b5dbc12a0808b4d1690e7265a76aa65b161f4d42c310ec94289f6be.js:0
[    2036ms] [LOG] ===> retry throw err @ https://g.alicdn.com/quark-cloud-drive/qwenclaw-oauth/0.0.29/js/main-c40a35b3cfb47ad75c6f.js:0
[    2552ms] [LOG] ===> retry throw err @ https://g.alicdn.com/quark-cloud-drive/qwenclaw-oauth/0.0.29/js/main-c40a35b3cfb47ad75c6f.js:0
[    3064ms] [LOG] ===> retry throw err @ https://g.alicdn.com/quark-cloud-drive/qwenclaw-oauth/0.0.29/js/main-c40a35b3cfb47ad75c6f.js:0
[    3578ms] [LOG] ===> retry throw err @ https://g.alicdn.com/quark-cloud-drive/qwenclaw-oauth/0.0.29/js/main-c40a35b3cfb47ad75c6f.js:0
[    6106ms] [LOG] ===> retry throw err @ https://g.alicdn.com/quark-cloud-drive/qwenclaw-oauth/0.0.29/js/main-c40a35b3cfb47ad75c6f.js:0
[    6617ms] [LOG] ===> retry throw err @ https://g.alicdn.com/quark-cloud-drive/qwenclaw-oauth/0.0.29/js/main-c40a35b3cfb47ad75c6f.js:0
[    7134ms] [LOG] ===> retry throw err @ https://g.alicdn.com/quark-cloud-drive/qwenclaw-oauth/0.0.29/js/main-c40a35b3cfb47ad75c6f.js:0
[    7649ms] [LOG] ===> retry throw err @ https://g.alicdn.com/quark-cloud-drive/qwenclaw-oauth/0.0.29/js/main-c40a35b3cfb47ad75c6f.js:0
[    8164ms] [LOG] ===> retry throw err @ https://g.alicdn.com/quark-cloud-drive/qwenclaw-oauth/0.0.29/js/main-c40a35b3cfb47ad75c6f.js:0
[    8678ms] [LOG] ===> retry throw err @ https://g.alicdn.com/quark-cloud-drive/qwenclaw-oauth/0.0.29/js/main-c40a35b3cfb47ad75c6f.js:0
[   11202ms] [LOG] ===> retry throw err @ https://g.alicdn.com/quark-cloud-drive/qwenclaw-oauth/0.0.29/js/main-c40a35b3cfb47ad75c6f.js:0
[   11714ms] [LOG] ===> retry throw err @ https://g.alicdn.com/quark-cloud-drive/qwenclaw-oauth/0.0.29/js/main-c40a35b3cfb47ad75c6f.js:0
[   12227ms] [LOG] ===> retry throw err @ https://g.alicdn.com/quark-cloud-drive/qwenclaw-oauth/0.0.29/js/main-c40a35b3cfb47ad75c6f.js:0
[   12741ms] [LOG] ===> retry throw err @ https://g.alicdn.com/quark-cloud-drive/qwenclaw-oauth/0.0.29/js/main-c40a35b3cfb47ad75c6f.js:0
[   13256ms] [LOG] ===> retry throw err @ https://g.alicdn.com/quark-cloud-drive/qwenclaw-oauth/0.0.29/js/main-c40a35b3cfb47ad75c6f.js:0
[   13771ms] [LOG] ===> retry throw err @ https://g.alicdn.com/quark-cloud-drive/qwenclaw-oauth/0.0.29/js/main-c40a35b3cfb47ad75c6f.js:0
[   16296ms] [LOG] ===> retry throw err @ https://g.alicdn.com/quark-cloud-drive/qwenclaw-oauth/0.0.29/js/main-c40a35b3cfb47ad75c6f.js:0
[   16808ms] [LOG] ===> retry throw err @ https://g.alicdn.com/quark-cloud-drive/qwenclaw-oauth/0.0.29/js/main-c40a35b3cfb47ad75c6f.js:0
[   17319ms] [LOG] ===> retry throw err @ https://g.alicdn.com/quark-cloud-drive/qwenclaw-oauth/0.0.29/js/main-c40a35b3cfb47ad75c6f.js:0
[   17834ms] [LOG] ===> retry throw err @ https://g.alicdn.com/quark-cloud-drive/qwenclaw-oauth/0.0.29/js/main-c40a35b3cfb47ad75c6f.js:0
[   18350ms] [LOG] ===> retry throw err @ https://g.alicdn.com/quark-cloud-drive/qwenclaw-oauth/0.0.29/js/main-c40a35b3cfb47ad75c6f.js:0
[   18862ms] [LOG] ===> retry throw err @ https://g.alicdn.com/quark-cloud-drive/qwenclaw-oauth/0.0.29/js/main-c40a35b3cfb47ad75c6f.js:0
[   21386ms] [LOG] ===> retry throw err @ https://g.alicdn.com/quark-cloud-drive/qwenclaw-oauth/0.0.29/js/main-c40a35b3cfb47ad75c6f.js:0
[   21901ms] [LOG] ===> retry throw err @ https://g.alicdn.com/quark-cloud-drive/qwenclaw-oauth/0.0.29/js/main-c40a35b3cfb47ad75c6f.js:0
[   22416ms] [LOG] ===> retry throw err @ https://g.alicdn.com/quark-cloud-drive/qwenclaw-oauth/0.0.29/js/main-c40a35b3cfb47ad75c6f.js:0
[   22932ms] [LOG] ===> retry throw err @ https://g.alicdn.com/quark-cloud-drive/qwenclaw-oauth/0.0.29/js/main-c40a35b3cfb47ad75c6f.js:0
[   23442ms] [LOG] ===> retry throw err @ https://g.alicdn.com/quark-cloud-drive/qwenclaw-oauth/0.0.29/js/main-c40a35b3cfb47ad75c6f.js:0
[   23955ms] [LOG] ===> retry throw err @ https://g.alicdn.com/quark-cloud-drive/qwenclaw-oauth/0.0.29/js/main-c40a35b3cfb47ad75c6f.js:0
[   26458ms] [LOG] ===> retry throw err @ https://g.alicdn.com/quark-cloud-drive/qwenclaw-oauth/0.0.29/js/main-c40a35b3cfb47ad75c6f.js:0
[   26931ms] [WARNING] Mixed Content: The page at 'https://pan.quark.cn/open/v1/oauth/agent#/skill-sub-file-list?fid=~1qZpaXx7Smv4NEFoTroUFASWROTKQtGNEhoGhxa7zK4f_rtTYRhe0mznA7lGszpTNdM57F2rVU5rm0us79DfzSk' was loaded over HTTPS, but requested an insecure element 'http://image.quark.cn/o/uop/1G7uS/;;0,uop/g/uop/avatar/08f7a1121e226b8a9ad80bf922a444cf.jpg;3,60'. This request was automatically upgraded to HTTPS, For more information see https://blog.chromium.org/2019/10/no-more-mixed-messages-about-https.html @ https://pan.quark.cn/open/v1/oauth/agent#/skill-sub-file-list?fid=~1qZpaXx7Smv4NEFoTroUFASWROTKQtGNEhoGhxa7zK4f_rtTYRhe0mznA7lGszpTNdM57F2rVU5rm0us79DfzSk:0
[   26959ms] [LOG] ===> retry throw err @ https://g.alicdn.com/quark-cloud-drive/qwenclaw-oauth/0.0.29/js/main-c40a35b3cfb47ad75c6f.js:0
[   27466ms] [LOG] ===> retry throw err @ https://g.alicdn.com/quark-cloud-drive/qwenclaw-oauth/0.0.29/js/main-c40a35b3cfb47ad75c6f.js:0
[   27981ms] [LOG] ===> retry throw err @ https://g.alicdn.com/quark-cloud-drive/qwenclaw-oauth/0.0.29/js/main-c40a35b3cfb47ad75c6f.js:0
[   28495ms] [LOG] ===> retry throw err @ https://g.alicdn.com/quark-cloud-drive/qwenclaw-oauth/0.0.29/js/main-c40a35b3cfb47ad75c6f.js:0
[   29004ms] [LOG] ===> retry throw err @ https://g.alicdn.com/quark-cloud-drive/qwenclaw-oauth/0.0.29/js/main-c40a35b3cfb47ad75c6f.js:0
